exports[`test NewThread is rendered correctly 1`] = `<noscript />`;
