exports[`test base is rendered correctly 1`] = `
<div
  className="Base row">
  <section
    className="row" />
</div>
`;
