exports[`test user detail is rendered correctly 1`] = `
<div
  className="twelve columns">
  <h1>
    Test User
  </h1>
</div>
`;
